Archive member included to satisfy reference by file (symbol)

/home/rutuja/240/CMSIS_CORE_LPC17xx/Debug/libCMSIS_CORE_LPC17xx.a(system_LPC17xx.o)
                              ./src/cr_startup_lpc175x_6x.o (SystemInit)
/usr/local/mcuxpressoide-10.2.1_795/ide/tools/bin/../lib/gcc/arm-none-eabi/7.2.1/../../../../arm-none-eabi/lib/thumb/v7-m/libcr_semihost.a(_cr__main.o)
                              ./src/cr_startup_lpc175x_6x.o (__main)
/usr/local/mcuxpressoide-10.2.1_795/ide/tools/bin/../lib/gcc/arm-none-eabi/7.2.1/../../../../arm-none-eabi/lib/thumb/v7-m/libcr_c.a(fpprintf.o)
                              ./src/DrawLine.o (printf)
/usr/local/mcuxpressoide-10.2.1_795/ide/tools/bin/../lib/gcc/arm-none-eabi/7.2.1/../../../../arm-none-eabi/lib/thumb/v7-m/libcr_c.a(initio.o)
                              /usr/local/mcuxpressoide-10.2.1_795/ide/tools/bin/../lib/gcc/arm-none-eabi/7.2.1/../../../../arm-none-eabi/lib/thumb/v7-m/libcr_semihost.a(_cr__main.o) (_initio)
/usr/local/mcuxpressoide-10.2.1_795/ide/tools/bin/../lib/gcc/arm-none-eabi/7.2.1/../../../../arm-none-eabi/lib/thumb/v7-m/libcr_c.a(pow.o)
                              ./src/DrawLine.o (pow)
/usr/local/mcuxpressoide-10.2.1_795/ide/tools/bin/../lib/gcc/arm-none-eabi/7.2.1/../../../../arm-none-eabi/lib/thumb/v7-m/libcr_c.a(printf.o)
                              /usr/local/mcuxpressoide-10.2.1_795/ide/tools/bin/../lib/gcc/arm-none-eabi/7.2.1/../../../../arm-none-eabi/lib/thumb/v7-m/libcr_c.a(fpprintf.o) (__vfprintf)
/usr/local/mcuxpressoide-10.2.1_795/ide/tools/bin/../lib/gcc/arm-none-eabi/7.2.1/../../../../arm-none-eabi/lib/thumb/v7-m/libcr_c.a(puts.o)
                              ./src/DrawLine.o (puts)
/usr/local/mcuxpressoide-10.2.1_795/ide/tools/bin/../lib/gcc/arm-none-eabi/7.2.1/../../../../arm-none-eabi/lib/thumb/v7-m/libcr_c.a(setvbuf.o)
                              /usr/local/mcuxpressoide-10.2.1_795/ide/tools/bin/../lib/gcc/arm-none-eabi/7.2.1/../../../../arm-none-eabi/lib/thumb/v7-m/libcr_c.a(initio.o) (setvbuf)
/usr/local/mcuxpressoide-10.2.1_795/ide/tools/bin/../lib/gcc/arm-none-eabi/7.2.1/../../../../arm-none-eabi/lib/thumb/v7-m/libcr_c.a(sqrt.o)
                              ./src/DrawLine.o (sqrt)
/usr/local/mcuxpressoide-10.2.1_795/ide/tools/bin/../lib/gcc/arm-none-eabi/7.2.1/../../../../arm-none-eabi/lib/thumb/v7-m/libcr_c.a(stdlib.o)
                              ./src/DrawLine.o (abs)
/usr/local/mcuxpressoide-10.2.1_795/ide/tools/bin/../lib/gcc/arm-none-eabi/7.2.1/../../../../arm-none-eabi/lib/thumb/v7-m/libcr_c.a(strlen.o)
                              /usr/local/mcuxpressoide-10.2.1_795/ide/tools/bin/../lib/gcc/arm-none-eabi/7.2.1/../../../../arm-none-eabi/lib/thumb/v7-m/libcr_c.a(printf.o) (strlen)
/usr/local/mcuxpressoide-10.2.1_795/ide/tools/bin/../lib/gcc/arm-none-eabi/7.2.1/../../../../arm-none-eabi/lib/thumb/v7-m/libcr_c.a(memset.o)
                              /usr/local/mcuxpressoide-10.2.1_795/ide/tools/bin/../lib/gcc/arm-none-eabi/7.2.1/../../../../arm-none-eabi/lib/thumb/v7-m/libcr_c.a(fpprintf.o) (memset)
/usr/local/mcuxpressoide-10.2.1_795/ide/tools/bin/../lib/gcc/arm-none-eabi/7.2.1/../../../../arm-none-eabi/lib/thumb/v7-m/libcr_c.a(_deferredlazyseek.o)
                              /usr/local/mcuxpressoide-10.2.1_795/ide/tools/bin/../lib/gcc/arm-none-eabi/7.2.1/../../../../arm-none-eabi/lib/thumb/v7-m/libcr_c.a(fpprintf.o) (__flsbuf)
/usr/local/mcuxpressoide-10.2.1_795/ide/tools/bin/../lib/gcc/arm-none-eabi/7.2.1/../../../../arm-none-eabi/lib/thumb/v7-m/libcr_c.a(_fdopen.o)
                              /usr/local/mcuxpressoide-10.2.1_795/ide/tools/bin/../lib/gcc/arm-none-eabi/7.2.1/../../../../arm-none-eabi/lib/thumb/v7-m/libcr_c.a(initio.o) (_fdopen)
/usr/local/mcuxpressoide-10.2.1_795/ide/tools/bin/../lib/gcc/arm-none-eabi/7.2.1/../../../../arm-none-eabi/lib/thumb/v7-m/libcr_c.a(_fflush.o)
                              /usr/local/mcuxpressoide-10.2.1_795/ide/tools/bin/../lib/gcc/arm-none-eabi/7.2.1/../../../../arm-none-eabi/lib/thumb/v7-m/libcr_c.a(_deferredlazyseek.o) (_fflush)
/usr/local/mcuxpressoide-10.2.1_795/ide/tools/bin/../lib/gcc/arm-none-eabi/7.2.1/../../../../arm-none-eabi/lib/thumb/v7-m/libcr_c.a(_frexpl.o)
                              /usr/local/mcuxpressoide-10.2.1_795/ide/tools/bin/../lib/gcc/arm-none-eabi/7.2.1/../../../../arm-none-eabi/lib/thumb/v7-m/libcr_c.a(fpprintf.o) (_frexpl)
/usr/local/mcuxpressoide-10.2.1_795/ide/tools/bin/../lib/gcc/arm-none-eabi/7.2.1/../../../../arm-none-eabi/lib/thumb/v7-m/libcr_c.a(_hugeval.o)
                              /usr/local/mcuxpressoide-10.2.1_795/ide/tools/bin/../lib/gcc/arm-none-eabi/7.2.1/../../../../arm-none-eabi/lib/thumb/v7-m/libcr_c.a(pow.o) (__huge_val)
/usr/local/mcuxpressoide-10.2.1_795/ide/tools/bin/../lib/gcc/arm-none-eabi/7.2.1/../../../../arm-none-eabi/lib/thumb/v7-m/libcr_c.a(_ldexpl.o)
[...]
Memory Configuration

Name             Origin             Length             Attributes
MFlash512        0x0000000000000000 0x0000000000080000 xr
RamLoc32         0x0000000010000000 0x0000000000008000 xrw
RamAHB32         0x000000002007c000 0x0000000000008000 xrw
*default*        0x0000000000000000 0xffffffffffffffff

Linker script and memory map

LOAD ./src/DrawLine.o
LOAD ./src/cr_startup_lpc175x_6x.o
LOAD ./src/crp.o
LOAD ./src/ssp.o
LOAD /home/rutuja/240/CMSIS_CORE_LPC17xx/Debug/libCMSIS_CORE_LPC17xx.a
START GROUP
LOAD /usr/local/mcuxpressoide-10.2.1_795/ide/tools/bin/../lib/gcc/arm-none-eabi/7.2.1/../../../../arm-none-eabi/lib/thumb/v7-m/libcr_semihost.a
LOAD /usr/local/mcuxpressoide-10.2.1_795/ide/tools/bin/../lib/gcc/arm-none-eabi/7.2.1/../../../../arm-none-eabi/lib/thumb/v7-m/libcr_c.a
LOAD /usr/local/mcuxpressoide-10.2.1_795/ide/tools/bin/../lib/gcc/arm-none-eabi/7.2.1/thumb/v7-m/libcr_eabihelpers.a
END GROUP
                0x0000000000000000                __base_MFlash512 = 0x0
                0x0000000000000000                __base_Flash = 0x0
                0x0000000000080000                __top_MFlash512 = 0x80000
                0x0000000000080000                __top_Flash = 0x80000
                0x0000000010000000                __base_RamLoc32 = 0x10000000
                0x0000000010000000                __base_RAM = 0x10000000
                0x0000000010008000                __top_RamLoc32 = 0x10008000
                0x0000000010008000                __top_RAM = 0x10008000
                0x000000002007c000                __base_RamAHB32 = 0x2007c000
                0x000000002007c000                __base_RAM2 = 0x2007c000
                0x0000000020084000                __top_RamAHB32 = 0x20084000
                0x0000000020084000                __top_RAM2 = 0x20084000

.text           0x0000000000000000     0x47cc
 FILL mask 0xff
                0x0000000000000000                __vectors_start__ = ABSOLUTE (.)
 *(.isr_vector)
 .isr_vector    0x0000000000000000       0xcc ./src/cr_startup_lpc175x_6x.o
                0x0000000000000000                g_pfnVectors
                0x00000000000000cc                . = ALIGN (0x4)
                0x00000000000000cc                __section_table_start = .
                0x00000000000000cc                __data_section_table = .
                0x00000000000000cc        0x4 LONG 0x47cc LOADADDR (.data)
                0x00000000000000d0        0x4 LONG 0x10000000 ADDR (.data)
                0x00000000000000d4        0x4 LONG 0x18 SIZEOF (.data)
                0x00000000000000d8        0x4 LONG 0x47cc LOADADDR (.data_RAM2)
                0x00000000000000dc        0x4 LONG 0x2007c000 ADDR (.data_RAM2)
                0x00000000000000e0        0x4 LONG 0x0 SIZEOF (.data_RAM2)
                0x00000000000000e4                __data_section_table_end = .
                0x00000000000000e4                __bss_section_table = .
                0x00000000000000e4        0x4 LONG 0x10000018 ADDR (.bss)
                0x00000000000000e8        0x4 LONG 0x240 SIZEOF (.bss)
                0x00000000000000ec        0x4 LONG 0x2007c000 ADDR (.bss_RAM2)
                0x00000000000000f0        0x4 LONG 0x0 SIZEOF (.bss_RAM2)
                0x00000000000000f4                __bss_section_table_end = .
                0x00000000000000f4                __section_table_end = .
 *(.after_vectors*)
 .after_vectors
                0x00000000000000f4      0x12c ./src/cr_startup_lpc175x_6x.o
                0x00000000000000f4                data_init
                0x0000000000000136                bss_init
                0x000000000000016c                ResetISR
                0x00000000000001e4                NMI_Handler
                0x00000000000001ea                HardFault_Handler
                0x00000000000001f0                MemManage_Handler
                0x00000000000001f6                BusFault_Handler
                0x00000000000001fc                UsageFault_Handler
                0x0000000000000202                SVC_Handler
                0x0000000000000208                DebugMon_Handler
                0x000000000000020e                PendSV_Handler
                0x0000000000000214                SysTick_Handler
                0x000000000000021a                TIMER2_IRQHandler
                0x000000000000021a                RIT_IRQHandler
                0x000000000000021a                I2C0_IRQHandler
                0x000000000000021a                USBActivity_IRQHandler
                0x000000000000021a                PWM1_IRQHandler
                0x000000000000021a                I2C1_IRQHandler
                0x000000000000021a                EINT2_IRQHandler
                0x000000000000021a                UART1_IRQHandler
                0x000000000000021a                EINT3_IRQHandler
                0x000000000000021a                CANActivity_IRQHandler
                0x000000000000021a                TIMER3_IRQHandler
                0x000000000000021a                UART0_IRQHandler
                0x000000000000021a                IntDefaultHandler
                0x000000000000021a                PLL0_IRQHandler
                0x000000000000021a                CAN_IRQHandler
                0x000000000000021a                PLL1_IRQHandler
                0x000000000000021a                I2S_IRQHandler
                0x000000000000021a                I2C2_IRQHandler
                0x000000000000021a                RTC_IRQHandler
                0x000000000000021a                TIMER0_IRQHandler
                0x000000000000021a                SPI_IRQHandler
                0x000000000000021a                EINT1_IRQHandler
                0x000000000000021a                TIMER1_IRQHandler
                0x000000000000021a                UART2_IRQHandler
                0x000000000000021a                ADC_IRQHandler
                0x000000000000021a                USB_IRQHandler
                0x000000000000021a                BOD_IRQHandler
                0x000000000000021a                WDT_IRQHandler
                0x000000000000021a                QEI_IRQHandler
                0x000000000000021a                EINT0_IRQHandler
                0x000000000000021a                DMA_IRQHandler
                0x000000000000021a                UART3_IRQHandler
                0x000000000000021a                MCPWM_IRQHandler
                0x000000000000021a                ENET_IRQHandler
                0x00000000000002fc                . = 0x2fc
 *fill*         0x0000000000000220       0xdc ff
                0x00000000000002fc                PROVIDE (__CRP_WORD_START__, .)
 *(.crp)
 .crp           0x00000000000002fc        0x4 ./src/crp.o
                0x00000000000002fc                CRP_WORD
                0x0000000000000300                PROVIDE (__CRP_WORD_END__, .)
                0x0000000000000001                ASSERT (! ((__CRP_WORD_START__ == __CRP_WORD_END__)), Linker CRP Enabled, but no CRP_WORD provided within application)
 *(.text*)
 .text.spiwrite
                0x0000000000000300       0x40 ./src/DrawLine.o
                0x0000000000000300                spiwrite
 .text.writecommand
                0x0000000000000340       0x2c ./src/DrawLine.o
                0x0000000000000340                writecommand
 .text.writedata
                0x000000000000036c       0x2c ./src/DrawLine.o
                0x000000000000036c                writedata
 .text.writeword
                0x0000000000000398       0x2e ./src/DrawLine.o
                0x0000000000000398                writeword
 .text.write888
                0x00000000000003c6       0x4e ./src/DrawLine.o
                0x00000000000003c6                write888
 .text.setAddrWindow
                0x0000000000000414       0x52 ./src/DrawLine.o
                0x0000000000000414                setAddrWindow
 .text.fillrect
                0x0000000000000466       0x68 ./src/DrawLine.o
                0x0000000000000466                fillrect
 .text.lcddelay
                0x00000000000004ce       0x2e ./src/DrawLine.o
                0x00000000000004ce                lcddelay
 .text.lcd_init
                0x00000000000004fc       0xc4 ./src/DrawLine.o
                0x00000000000004fc                lcd_init
 .text.drawPixel
                0x00000000000005c0       0x6c ./src/DrawLine.o
                0x00000000000005c0                drawPixel
 .text.drawLine
                0x000000000000062c      0x18e ./src/DrawLine.o
                0x000000000000062c                drawLine
 *fill*         0x00000000000007ba        0x2 ff
 .text.init_coordinate_system
                0x00000000000007bc      0x188 ./src/DrawLine.o
                0x00000000000007bc                init_coordinate_system
 .text.get_2D_coordinates
                0x0000000000000944      0x1c4 ./src/DrawLine.o
                0x0000000000000944                get_2D_coordinates
 .text.draw_world_coordinates
                0x0000000000000b08      0x1a0 ./src/DrawLine.o
                0x0000000000000b08                draw_world_coordinates
 .text.draw_cube
                0x0000000000000ca8      0x430 ./src/DrawLine.o
                0x0000000000000ca8                draw_cube
 .text.main     0x00000000000010d8       0x50 ./src/DrawLine.o
                0x00000000000010d8                main
 .text.NVIC_EnableIRQ
                0x0000000000001128       0x30 ./src/ssp.o
 .text.SSP0_IRQHandler
                0x0000000000001158       0x70 ./src/ssp.o
                0x0000000000001158                SSP0_IRQHandler
 .text.SSP1_IRQHandler
                0x00000000000011c8       0x70 ./src/ssp.o
                0x00000000000011c8                SSP1_IRQHandler
 .text.SSP_SSELToggle
                0x0000000000001238       0x68 ./src/ssp.o
                0x0000000000001238                SSP_SSELToggle
 .text.SSP1Init
                0x00000000000012a0       0xa8 ./src/ssp.o
                0x00000000000012a0                SSP1Init
 .text.SSPSend  0x0000000000001348       0xa0 ./src/ssp.o
                0x0000000000001348                SSPSend
 .text.SystemInit
                0x00000000000013e8       0xdc /home/rutuja/240/CMSIS_CORE_LPC17xx/Debug/libCMSIS_CORE_LPC17xx.a(system_LPC17xx.o)
                0x00000000000013e8                SystemInit
 .text.__main   0x00000000000014c4        0xe /usr/local/mcuxpressoide-10.2.1_795/ide/tools/bin/../lib/gcc/arm-none-eabi/7.2.1/../../../../arm-none-eabi/lib/thumb/v7-m/libcr_semihost.a(_cr__main.o)
                0x00000000000014c4                __main
                0x00000000000014c4                __CR_SEMIHOST
 .text.fp_round
                0x00000000000014d2       0x4c /usr/local/mcuxpressoide-10.2.1_795/ide/tools/bin/../lib/gcc/arm-none-eabi/7.2.1/../../../../arm-none-eabi/lib/thumb/v7-m/libcr_c.a(fpprintf.o)
 .text.pr_dec.constprop.1
                0x000000000000151e       0x26 /usr/local/mcuxpressoide-10.2.1_795/ide/tools/bin/../lib/gcc/arm-none-eabi/7.2.1/../../../../arm-none-eabi/lib/thumb/v7-m/libcr_c.a(fpprintf.o)
 .text.sprintf  0x0000000000001544       0x6c /usr/local/mcuxpressoide-10.2.1_795/ide/tools/bin/../lib/gcc/arm-none-eabi/7.2.1/../../../../arm-none-eabi/lib/thumb/v7-m/libcr_c.a(fpprintf.o)
                0x0000000000001544                sprintf
 .text.fp_display
                0x00000000000015b0      0x96c /usr/local/mcuxpressoide-10.2.1_795/ide/tools/bin/../lib/gcc/arm-none-eabi/7.2.1/../../../../arm-none-eabi/lib/thumb/v7-m/libcr_c.a(fpprintf.o)
 .text.vsnprintf
                0x0000000000001f1c       0x5c /usr/local/mcuxpressoide-10.2.1_795/ide/tools/bin/../lib/gcc/arm-none-eabi/7.2.1/../../../../arm-none-eabi/lib/thumb/v7-m/libcr_c.a(fpprintf.o)
                0x0000000000001f1c                vsnprintf
 .text.printf   0x0000000000001f78       0x54 /usr/local/mcuxpressoide-10.2.1_795/ide/tools/bin/../lib/gcc/arm-none-eabi/7.2.1/../../../../arm-none-eabi/lib/thumb/v7-m/libcr_c.a(fpprintf.o)
                0x0000000000001f78                printf
 .text._initio  0x0000000000001fcc       0x78 /usr/local/mcuxpressoide-10.2.1_795/ide/tools/bin/../lib/gcc/arm-none-eabi/7.2.1/../../../../arm-none-eabi/lib/thumb/v7-m/libcr_c.a(initio.o)
                0x0000000000001fcc                _initio
 *fill*         0x0000000000002044        0x4 ff
 .text.pow      0x0000000000002048      0x544 /usr/local/mcuxpressoide-10.2.1_795/ide/tools/bin/../lib/gcc/arm-none-eabi/7.2.1/../../../../arm-none-eabi/lib/thumb/v7-m/libcr_c.a(pow.o)
                0x0000000000002048                pow
 .text.__vfprintf
                0x000000000000258c      0xb98 /usr/local/mcuxpressoide-10.2.1_795/ide/tools/bin/../lib/gcc/arm-none-eabi/7.2.1/../../../../arm-none-eabi/lib/thumb/v7-m/libcr_c.a(printf.o)
                0x000000000000258c                __vfprintf
 .text.puts     0x0000000000003124       0x34 /usr/local/mcuxpressoide-10.2.1_795/ide/tools/bin/../lib/gcc/arm-none-eabi/7.2.1/../../../../arm-none-eabi/lib/thumb/v7-m/libcr_c.a(puts.o)
                0x0000000000003124                puts
 .text.setvbuf  0x0000000000003158       0x40 /usr/local/mcuxpressoide-10.2.1_795/ide/tools/bin/../lib/gcc/arm-none-eabi/7.2.1/../../../../arm-none-eabi/lib/thumb/v7-m/libcr_c.a(setvbuf.o)
                0x0000000000003158                setvbuf
 .text.sqrt     0x0000000000003198      0x114 /usr/local/mcuxpressoide-10.2.1_795/ide/tools/bin/../lib/gcc/arm-none-eabi/7.2.1/../../../../arm-none-eabi/lib/thumb/v7-m/libcr_c.a(sqrt.o)
                0x0000000000003198                sqrt
 .text.abs      0x00000000000032ac        0x8 /usr/local/mcuxpressoide-10.2.1_795/ide/tools/bin/../lib/gcc/arm-none-eabi/7.2.1/../../../../arm-none-eabi/lib/thumb/v7-m/libcr_c.a(stdlib.o)
                0x00000000000032ac                abs
 .text.strlen   0x00000000000032b4       0x4a /usr/local/mcuxpressoide-10.2.1_795/ide/tools/bin/../lib/gcc/arm-none-eabi/7.2.1/../../../../arm-none-eabi/lib/thumb/v7-m/libcr_c.a(strlen.o)
                0x00000000000032b4                strlen
 .text.memset   0x00000000000032fe        0x4 /usr/local/mcuxpressoide-10.2.1_795/ide/tools/bin/../lib/gcc/arm-none-eabi/7.2.1/../../../../arm-none-eabi/lib/thumb/v7-m/libcr_c.a(memset.o)
                0x00000000000032fe                memset
 .text._deferredlazyseek
                0x0000000000003302       0x40 /usr/local/mcuxpressoide-10.2.1_795/ide/tools/bin/../lib/gcc/arm-none-eabi/7.2.1/../../../../arm-none-eabi/lib/thumb/v7-m/libcr_c.a(_deferredlazyseek.o)
                0x0000000000003302                _deferredlazyseek
 .text.__flsbuf
                0x0000000000003342      0x140 /usr/local/mcuxpressoide-10.2.1_795/ide/tools/bin/../lib/gcc/arm-none-eabi/7.2.1/../../../../arm-none-eabi/lib/thumb/v7-m/libcr_c.a(_deferredlazyseek.o)
                0x0000000000003342                __flsbuf
 .text._fdopen  0x0000000000003482       0x68 /usr/local/mcuxpressoide-10.2.1_795/ide/tools/bin/../lib/gcc/arm-none-eabi/7.2.1/../../../../arm-none-eabi/lib/thumb/v7-m/libcr_c.a(_fdopen.o)
                0x0000000000003482                _fdopen
 .text._fflush  0x00000000000034ea       0x52 /usr/local/mcuxpressoide-10.2.1_795/ide/tools/bin/../lib/gcc/arm-none-eabi/7.2.1/../../../../arm-none-eabi/lib/thumb/v7-m/libcr_c.a(_fflush.o)
                0x00000000000034ea                _fflush
 .text._frexpl  0x000000000000353c       0x56 /usr/local/mcuxpressoide-10.2.1_795/ide/tools/bin/../lib/gcc/arm-none-eabi/7.2.1/../../../../arm-none-eabi/lib/thumb/v7-m/libcr_c.a(_frexpl.o)
                0x000000000000353c                _frexpl
 *fill*         0x0000000000003592        0x2 ff
 .text._ldexpl  0x0000000000003594       0x4c /usr/local/mcuxpressoide-10.2.1_795/ide/tools/bin/../lib/gcc/arm-none-eabi/7.2.1/../../../../arm-none-eabi/lib/thumb/v7-m/libcr_c.a(_ldexpl.o)
                0x0000000000003594                _ldexpl
 .text._Cwritebuf
                0x00000000000035e0       0x6c /usr/local/mcuxpressoide-10.2.1_795/ide/tools/bin/../lib/gcc/arm-none-eabi/7.2.1/../../../../arm-none-eabi/lib/thumb/v7-m/libcr_c.a(_writebuf.o)
                0x00000000000035e0                _Cwritebuf
 .text.malloc   0x000000000000364c       0xc8 /usr/local/mcuxpressoide-10.2.1_795/ide/tools/bin/../lib/gcc/arm-none-eabi/7.2.1/../../../../arm-none-eabi/lib/thumb/v7-m/libcr_c.a(alloc.o)
                0x000000000000364c                malloc
 .text.free     0x0000000000003714       0x30 /usr/local/mcuxpressoide-10.2.1_795/ide/tools/bin/../lib/gcc/arm-none-eabi/7.2.1/../../../../arm-none-eabi/lib/thumb/v7-m/libcr_c.a(alloc.o)
                0x0000000000003714                free
 .text._Csys_alloc
                0x0000000000003744       0x20 /usr/local/mcuxpressoide-10.2.1_795/ide/tools/bin/../lib/gcc/arm-none-eabi/7.2.1/../../../../arm-none-eabi/lib/thumb/v7-m/libcr_c.a(alloc.o)
                0x0000000000003744                _Csys_alloc
 .text.fclose   0x0000000000003764       0x58 /usr/local/mcuxpressoide-10.2.1_795/ide/tools/bin/../lib/gcc/arm-none-eabi/7.2.1/../../../../arm-none-eabi/lib/thumb/v7-m/libcr_c.a(fclose.o)
                0x0000000000003764                fclose
 .text.fflush   0x00000000000037bc       0x44 /usr/local/mcuxpressoide-10.2.1_795/ide/tools/bin/../lib/gcc/arm-none-eabi/7.2.1/../../../../arm-none-eabi/lib/thumb/v7-m/libcr_c.a(fflush.o)
                0x00000000000037bc                fflush
 .text.frexp    0x0000000000003800       0x56 /usr/local/mcuxpressoide-10.2.1_795/ide/tools/bin/../lib/gcc/arm-none-eabi/7.2.1/../../../../arm-none-eabi/lib/thumb/v7-m/libcr_c.a(frexp.o)
                0x0000000000003800                frexp
 *fill*         0x0000000000003856        0x2 ff
 .text.fseek    0x0000000000003858      0x100 /usr/local/mcuxpressoide-10.2.1_795/ide/tools/bin/../lib/gcc/arm-none-eabi/7.2.1/../../../../arm-none-eabi/lib/thumb/v7-m/libcr_c.a(fseek.o)
                0x0000000000003858                fseek
 .text.ftell    0x0000000000003958       0x44 /usr/local/mcuxpressoide-10.2.1_795/ide/tools/bin/../lib/gcc/arm-none-eabi/7.2.1/../../../../arm-none-eabi/lib/thumb/v7-m/libcr_c.a(ftell.o)
                0x0000000000003958                ftell
 .text.ldexp    0x000000000000399c       0x4c /usr/local/mcuxpressoide-10.2.1_795/ide/tools/bin/../lib/gcc/arm-none-eabi/7.2.1/../../../../arm-none-eabi/lib/thumb/v7-m/libcr_c.a(ldexp.o)
                0x000000000000399c                ldexp
 .text.remove   0x00000000000039e8       0x14 /usr/local/mcuxpressoide-10.2.1_795/ide/tools/bin/../lib/gcc/arm-none-eabi/7.2.1/../../../../arm-none-eabi/lib/thumb/v7-m/libcr_c.a(remove.o)
                0x00000000000039e8                remove
 .text._sbrk    0x00000000000039fc       0x3c /usr/local/mcuxpressoide-10.2.1_795/ide/tools/bin/../lib/gcc/arm-none-eabi/7.2.1/../../../../arm-none-eabi/lib/thumb/v7-m/libcr_c.a(_cr_sbrk.o)
                0x00000000000039fc                _sbrk
 .text._do_fflush
                0x0000000000003a38       0x40 /usr/local/mcuxpressoide-10.2.1_795/ide/tools/bin/../lib/gcc/arm-none-eabi/7.2.1/../../../../arm-none-eabi/lib/thumb/v7-m/libcr_c.a(_do_fflush.o)
                0x0000000000003a38                _do_fflush
 .text.__check_heap_overflow
                0x0000000000003a78       0x18 /usr/local/mcuxpressoide-10.2.1_795/ide/tools/bin/../lib/gcc/arm-none-eabi/7.2.1/../../../../arm-none-eabi/lib/thumb/v7-m/libcr_c.a(_cr_check_heap.o)
                0x0000000000003a78                __check_heap_overflow
 .text.__aeabi_dmul
                0x0000000000003a90      0x10c /usr/local/mcuxpressoide-10.2.1_795/ide/tools/bin/../lib/gcc/arm-none-eabi/7.2.1/thumb/v7-m/libcr_eabihelpers.a(double.o)
                0x0000000000003a90                __aeabi_dmul
 .text.__aeabi_ddiv
                0x0000000000003b9c      0x130 /usr/local/mcuxpressoide-10.2.1_795/ide/tools/bin/../lib/gcc/arm-none-eabi/7.2.1/thumb/v7-m/libcr_eabihelpers.a(double.o)
                0x0000000000003b9c                __aeabi_ddiv
 .text.__aeabi_dsub
                0x0000000000003ccc      0x1b0 /usr/local/mcuxpressoide-10.2.1_795/ide/tools/bin/../lib/gcc/arm-none-eabi/7.2.1/thumb/v7-m/libcr_eabihelpers.a(double.o)
                0x0000000000003ccc                __aeabi_dsub
 .text.__aeabi_dadd
                0x0000000000003e7c      0x10c /usr/local/mcuxpressoide-10.2.1_795/ide/tools/bin/../lib/gcc/arm-none-eabi/7.2.1/thumb/v7-m/libcr_eabihelpers.a(double.o)
                0x0000000000003e7c                __aeabi_dadd
 .text.__aeabi_d2f
                0x0000000000003f88       0x54 /usr/local/mcuxpressoide-10.2.1_795/ide/tools/bin/../lib/gcc/arm-none-eabi/7.2.1/thumb/v7-m/libcr_eabihelpers.a(double.o)
                0x0000000000003f88                __aeabi_d2f
 .text.__aeabi_d2iz
                0x0000000000003fdc       0x40 /usr/local/mcuxpressoide-10.2.1_795/ide/tools/bin/../lib/gcc/arm-none-eabi/7.2.1/thumb/v7-m/libcr_eabihelpers.a(double.o)
                0x0000000000003fdc                __aeabi_d2iz
 .text.__bhs_ui2d
                0x000000000000401c       0x46 /usr/local/mcuxpressoide-10.2.1_795/ide/tools/bin/../lib/gcc/arm-none-eabi/7.2.1/thumb/v7-m/libcr_eabihelpers.a(double.o)
                0x000000000000401c                __bhs_ui2d
 .text.__aeabi_i2d
                0x0000000000004062       0x12 /usr/local/mcuxpressoide-10.2.1_795/ide/tools/bin/../lib/gcc/arm-none-eabi/7.2.1/thumb/v7-m/libcr_eabihelpers.a(double.o)
                0x0000000000004062                __aeabi_i2d
 .text.__aeabi_dcmpeq
                0x0000000000004074       0x2c /usr/local/mcuxpressoide-10.2.1_795/ide/tools/bin/../lib/gcc/arm-none-eabi/7.2.1/thumb/v7-m/libcr_eabihelpers.a(double.o)
                0x0000000000004074                __aeabi_dcmpeq
 .text.__aeabi_dcmplt
                0x00000000000040a0       0x54 /usr/local/mcuxpressoide-10.2.1_795/ide/tools/bin/../lib/gcc/arm-none-eabi/7.2.1/thumb/v7-m/libcr_eabihelpers.a(double.o)
                0x00000000000040a0                __aeabi_dcmplt
 .text.__aeabi_dcmpgt
                0x00000000000040f4       0x54 /usr/local/mcuxpressoide-10.2.1_795/ide/tools/bin/../lib/gcc/arm-none-eabi/7.2.1/thumb/v7-m/libcr_eabihelpers.a(double.o)
                0x00000000000040f4                __aeabi_dcmpgt
 .text.__aeabi_dcmple
                0x0000000000004148       0x54 /usr/local/mcuxpressoide-10.2.1_795/ide/tools/bin/../lib/gcc/arm-none-eabi/7.2.1/thumb/v7-m/libcr_eabihelpers.a(double.o)
                0x0000000000004148                __aeabi_dcmple
 .text.__aeabi_dcmpge
                0x000000000000419c       0x54 /usr/local/mcuxpressoide-10.2.1_795/ide/tools/bin/../lib/gcc/arm-none-eabi/7.2.1/thumb/v7-m/libcr_eabihelpers.a(double.o)
                0x000000000000419c                __aeabi_dcmpge
 .text.__aeabi_fmul
                0x00000000000041f0       0xb0 /usr/local/mcuxpressoide-10.2.1_795/ide/tools/bin/../lib/gcc/arm-none-eabi/7.2.1/thumb/v7-m/libcr_eabihelpers.a(float.o)
                0x00000000000041f0                __aeabi_fmul
 .text.__aeabi_fdiv
                0x00000000000042a0       0xb8 /usr/local/mcuxpressoide-10.2.1_795/ide/tools/bin/../lib/gcc/arm-none-eabi/7.2.1/thumb/v7-m/libcr_eabihelpers.a(float.o)
                0x00000000000042a0                __aeabi_fdiv
 .text.__aeabi_fsub
                0x0000000000004358       0xe0 /usr/local/mcuxpressoide-10.2.1_795/ide/tools/bin/../lib/gcc/arm-none-eabi/7.2.1/thumb/v7-m/libcr_eabihelpers.a(float.o)
                0x0000000000004358                __aeabi_fsub
 .text.__aeabi_fadd
                0x0000000000004438       0xb0 /usr/local/mcuxpressoide-10.2.1_795/ide/tools/bin/../lib/gcc/arm-none-eabi/7.2.1/thumb/v7-m/libcr_eabihelpers.a(float.o)
                0x0000000000004438                __aeabi_fadd
 .text.__aeabi_f2iz
                0x00000000000044e8       0x36 /usr/local/mcuxpressoide-10.2.1_795/ide/tools/bin/../lib/gcc/arm-none-eabi/7.2.1/thumb/v7-m/libcr_eabihelpers.a(float.o)
                0x00000000000044e8                __aeabi_f2iz
 *fill*         0x000000000000451e        0x2 ff
 .text.__aeabi_f2d
                0x0000000000004520       0x38 /usr/local/mcuxpressoide-10.2.1_795/ide/tools/bin/../lib/gcc/arm-none-eabi/7.2.1/thumb/v7-m/libcr_eabihelpers.a(float.o)
                0x0000000000004520                __aeabi_f2d
 .text.__aeabi_memset_lowlevel
                0x0000000000004558       0x32 /usr/local/mcuxpressoide-10.2.1_795/ide/tools/bin/../lib/gcc/arm-none-eabi/7.2.1/thumb/v7-m/libcr_eabihelpers.a(memcpy.o)
                0x0000000000004558                __aeabi_lowlevel_memset
 *fill*         0x000000000000458a        0x2 ff
 .text.__sys_appexit
                0x000000000000458c        0xc /usr/local/mcuxpressoide-10.2.1_795/ide/tools/bin/../lib/gcc/arm-none-eabi/7.2.1/../../../../arm-none-eabi/lib/thumb/v7-m/libcr_semihost.a(__sys_appexit.o)
                0x000000000000458c                __exit
                0x000000000000458c                __sys_appexit
 .text.__sys_close
                0x0000000000004598        0xc /usr/local/mcuxpressoide-10.2.1_795/ide/tools/bin/../lib/gcc/arm-none-eabi/7.2.1/../../../../arm-none-eabi/lib/thumb/v7-m/libcr_semihost.a(__sys_close.o)
                0x0000000000004598                __sys_close
 .text.__sys_flen
                0x00000000000045a4        0xc /usr/local/mcuxpressoide-10.2.1_795/ide/tools/bin/../lib/gcc/arm-none-eabi/7.2.1/../../../../arm-none-eabi/lib/thumb/v7-m/libcr_semihost.a(__sys_flen.o)
                0x00000000000045a4                __sys_flen
 .text.__sys_istty
                0x00000000000045b0        0xc /usr/local/mcuxpressoide-10.2.1_795/ide/tools/bin/../lib/gcc/arm-none-eabi/7.2.1/../../../../arm-none-eabi/lib/thumb/v7-m/libcr_semihost.a(__sys_istty.o)
                0x00000000000045b0                __sys_istty
 .text.__sys_remove
                0x00000000000045bc        0xc /usr/local/mcuxpressoide-10.2.1_795/ide/tools/bin/../lib/gcc/arm-none-eabi/7.2.1/../../../../arm-none-eabi/lib/thumb/v7-m/libcr_semihost.a(__sys_remove.o)
                0x00000000000045bc                __sys_remove
 .text.__sys_seek
                0x00000000000045c8        0xc /usr/local/mcuxpressoide-10.2.1_795/ide/tools/bin/../lib/gcc/arm-none-eabi/7.2.1/../../../../arm-none-eabi/lib/thumb/v7-m/libcr_semihost.a(__sys_seek.o)
                0x00000000000045c8                __sys_seek
 .text.__sys_tmpnam
                0x00000000000045d4        0xc /usr/local/mcuxpressoide-10.2.1_795/ide/tools/bin/../lib/gcc/arm-none-eabi/7.2.1/../../../../arm-none-eabi/lib/thumb/v7-m/libcr_semihost.a(__sys_tmpnam.o)
                0x00000000000045d4                __sys_tmpnam
 .text.__sys_write
                0x00000000000045e0        0xc /usr/local/mcuxpressoide-10.2.1_795/ide/tools/bin/../lib/gcc/arm-none-eabi/7.2.1/../../../../arm-none-eabi/lib/thumb/v7-m/libcr_semihost.a(__sys_write.o)
                0x00000000000045e0                __sys_write
 *(.rodata .rodata.* .constdata .constdata.*)
 .rodata        0x00000000000045ec       0x77 ./src/DrawLine.o
 .rodata.fp_display.str1.1
                0x0000000000004663       0x34 /usr/local/mcuxpressoide-10.2.1_795/ide/tools/bin/../lib/gcc/arm-none-eabi/7.2.1/../../../../arm-none-eabi/lib/thumb/v7-m/libcr_c.a(fpprintf.o)
                                         0x35 (size before relaxing)
 .rodata._initio.str1.1
                0x0000000000004697        0x4 /usr/local/mcuxpressoide-10.2.1_795/ide/tools/bin/../lib/gcc/arm-none-eabi/7.2.1/../../../../arm-none-eabi/lib/thumb/v7-m/libcr_c.a(initio.o)
 *fill*         0x000000000000469b        0x5 ff
 .rodata.a1.3930
                0x00000000000046a0       0x88 /usr/local/mcuxpressoide-10.2.1_795/ide/tools/bin/../lib/gcc/arm-none-eabi/7.2.1/../../../../arm-none-eabi/lib/thumb/v7-m/libcr_c.a(pow.o)
 .rodata.a2.3931
                0x0000000000004728       0x40 /usr/local/mcuxpressoide-10.2.1_795/ide/tools/bin/../lib/gcc/arm-none-eabi/7.2.1/../../../../arm-none-eabi/lib/thumb/v7-m/libcr_c.a(pow.o)
 .rodata.__vfprintf.str1.1
                0x0000000000004768       0x31 /usr/local/mcuxpressoide-10.2.1_795/ide/tools/bin/../lib/gcc/arm-none-eabi/7.2.1/../../../../arm-none-eabi/lib/thumb/v7-m/libcr_c.a(printf.o)
                                         0x38 (size before relaxing)
 .rodata.puts.str1.1
                0x0000000000004799       0x31 /usr/local/mcuxpressoide-10.2.1_795/ide/tools/bin/../lib/gcc/arm-none-eabi/7.2.1/../../../../arm-none-eabi/lib/thumb/v7-m/libcr_c.a(puts.o)
                                          0x2 (size before relaxing)
 *fill*         0x0000000000004799        0x7 ff
 .rodata.__huge_val
                0x00000000000047a0        0x8 /usr/local/mcuxpressoide-10.2.1_795/ide/tools/bin/../lib/gcc/arm-none-eabi/7.2.1/../../../../arm-none-eabi/lib/thumb/v7-m/libcr_c.a(_hugeval.o)
                0x00000000000047a0                __huge_val
 .rodata.__huge_vall
                0x00000000000047a8        0x8 /usr/local/mcuxpressoide-10.2.1_795/ide/tools/bin/../lib/gcc/arm-none-eabi/7.2.1/../../../../arm-none-eabi/lib/thumb/v7-m/libcr_c.a(_hugeval.o)
                0x00000000000047a8                __huge_vall
 .rodata._Csys_alloc.str1.1
                0x00000000000047b0       0x18 /usr/local/mcuxpressoide-10.2.1_795/ide/tools/bin/../lib/gcc/arm-none-eabi/7.2.1/../../../../arm-none-eabi/lib/thumb/v7-m/libcr_c.a(alloc.o)
 .rodata.__num_Ciob_streams
                0x00000000000047c8        0x4 /usr/local/mcuxpressoide-10.2.1_795/ide/tools/bin/../lib/gcc/arm-none-eabi/7.2.1/../../../../arm-none-eabi/lib/thumb/v7-m/libcr_semihost.a(__ciob.o)
                0x00000000000047c8                __num_Ciob_streams
                0x00000000000047cc                . = ALIGN (0x4)

.glue_7         0x00000000000047cc        0x0
 .glue_7        0x00000000000047cc        0x0 linker stubs

.glue_7t        0x00000000000047cc        0x0
 .glue_7t       0x00000000000047cc        0x0 linker stubs

.vfp11_veneer   0x00000000000047cc        0x0
 .vfp11_veneer  0x00000000000047cc        0x0 linker stubs

.v4_bx          0x00000000000047cc        0x0
 .v4_bx         0x00000000000047cc        0x0 linker stubs

.iplt           0x00000000000047cc        0x0
 .iplt          0x00000000000047cc        0x0 ./src/DrawLine.o

.rel.dyn        0x00000000000047cc        0x0
 .rel.iplt      0x00000000000047cc        0x0 ./src/DrawLine.o

.ARM.extab
 *(.ARM.extab* .gnu.linkonce.armextab.*)
                0x00000000000047cc                __exidx_start = .

.ARM.exidx
 *(.ARM.exidx* .gnu.linkonce.armexidx.*)
                0x00000000000047cc                __exidx_end = .
                0x00000000000047cc                _etext = .

.data_RAM2      0x000000002007c000        0x0 load address 0x00000000000047cc
 FILL mask 0xff
                [!provide]                        PROVIDE (__start_data_RAM2, .)
 *(.ramfunc.$RAM2)
 *(.ramfunc.$RamAHB32)
 *(.data.$RAM2*)
 *(.data.$RamAHB32*)
                0x000000002007c000                . = ALIGN (0x4)
                [!provide]                        PROVIDE (__end_data_RAM2, .)

.uninit_RESERVED
                0x0000000010000000        0x0
 *(.bss.$RESERVED*)
                0x0000000010000000                . = ALIGN (0x4)
                0x0000000010000000                _end_uninit_RESERVED = .

.data           0x0000000010000000       0x18 load address 0x00000000000047cc
 FILL mask 0xff
                0x0000000010000000                _data = .
 *(vtable)
 *(.ramfunc*)
 *(.data*)
 .data._height  0x0000000010000000        0x4 ./src/DrawLine.o
                0x0000000010000000                _height
 .data._width   0x0000000010000004        0x4 ./src/DrawLine.o
                0x0000000010000004                _width
 .data.e        0x0000000010000008        0xc ./src/DrawLine.o
                0x0000000010000008                e
 .data.D        0x0000000010000014        0x4 ./src/DrawLine.o
                0x0000000010000014                D
                0x0000000010000018                . = ALIGN (0x4)
                0x0000000010000018                _edata = .

.igot.plt       0x0000000010000018        0x0 load address 0x00000000000047e4
 .igot.plt      0x0000000010000018        0x0 ./src/DrawLine.o

.bss_RAM2       0x000000002007c000        0x0
                [!provide]                        PROVIDE (__start_bss_RAM2, .)
 *(.bss.$RAM2*)
 *(.bss.$RamAHB32*)
                0x000000002007c000                . = ALIGN ((. != 0x0)?0x4:0x1)
                [!provide]                        PROVIDE (__end_bss_RAM2, .)

.bss            0x0000000010000018      0x240
                0x0000000010000018                _bss = .
 *(.bss*)
 .bss.src_addr  0x0000000010000018       0x10 ./src/DrawLine.o
                0x0000000010000018                src_addr
 .bss.dest_addr
                0x0000000010000028       0x10 ./src/DrawLine.o
                0x0000000010000028                dest_addr
 .bss.sin_theta
                0x0000000010000038        0x4 ./src/DrawLine.o
                0x0000000010000038                sin_theta
 .bss.cos_theta
                0x000000001000003c        0x4 ./src/DrawLine.o
                0x000000001000003c                cos_theta
 .bss.sin_phi   0x0000000010000040        0x4 ./src/DrawLine.o
                0x0000000010000040                sin_phi
 .bss.cos_phi   0x0000000010000044        0x4 ./src/DrawLine.o
                0x0000000010000044                cos_phi
 .bss.rho       0x0000000010000048        0x4 ./src/DrawLine.o
                0x0000000010000048                rho
 .bss.delta_x   0x000000001000004c        0x4 ./src/DrawLine.o
                0x000000001000004c                delta_x
 .bss.delta_y   0x0000000010000050        0x4 ./src/DrawLine.o
                0x0000000010000050                delta_y
 .bss.interrupt0RxStat
                0x0000000010000054        0x4 ./src/ssp.o
                0x0000000010000054                interrupt0RxStat
 .bss.interrupt0OverRunStat
                0x0000000010000058        0x4 ./src/ssp.o
                0x0000000010000058                interrupt0OverRunStat
 .bss.interrupt0RxTimeoutStat
                0x000000001000005c        0x4 ./src/ssp.o
                0x000000001000005c                interrupt0RxTimeoutStat
 .bss.interrupt1RxStat
                0x0000000010000060        0x4 ./src/ssp.o
                0x0000000010000060                interrupt1RxStat
 .bss.interrupt1OverRunStat
                0x0000000010000064        0x4 ./src/ssp.o
                0x0000000010000064                interrupt1OverRunStat
 .bss.interrupt1RxTimeoutStat
                0x0000000010000068        0x4 ./src/ssp.o
                0x0000000010000068                interrupt1RxTimeoutStat
 .bss.errno     0x000000001000006c        0x4 /usr/local/mcuxpressoide-10.2.1_795/ide/tools/bin/../lib/gcc/arm-none-eabi/7.2.1/../../../../arm-none-eabi/lib/thumb/v7-m/libcr_c.a(errno.o)
                0x000000001000006c                errno
 .bss.__end_of_heap
                0x0000000010000070        0x4 /usr/local/mcuxpressoide-10.2.1_795/ide/tools/bin/../lib/gcc/arm-none-eabi/7.2.1/../../../../arm-none-eabi/lib/thumb/v7-m/libcr_c.a(__init_alloc.o)
                0x0000000010000070                __end_of_heap
 .bss.__heaps   0x0000000010000074        0x4 /usr/local/mcuxpressoide-10.2.1_795/ide/tools/bin/../lib/gcc/arm-none-eabi/7.2.1/../../../../arm-none-eabi/lib/thumb/v7-m/libcr_c.a(__init_alloc.o)
                0x0000000010000074                __heaps
 .bss.__Ciob    0x0000000010000078      0x1e0 /usr/local/mcuxpressoide-10.2.1_795/ide/tools/bin/../lib/gcc/arm-none-eabi/7.2.1/../../../../arm-none-eabi/lib/thumb/v7-m/libcr_semihost.a(__ciob.o)
                0x0000000010000078                __Ciob
 *(COMMON)
                0x0000000010000258                . = ALIGN (0x4)
                0x0000000010000258                _ebss = .
                [!provide]                        PROVIDE (end, .)

.noinit_RAM2    0x000000002007c000        0x0
 *(.noinit.$RAM2*)
 *(.noinit.$RamAHB32*)
                0x000000002007c000                . = ALIGN (0x4)

.noinit         0x0000000010000258        0x0
                0x0000000010000258                _noinit = .
 *(.noinit*)
                0x0000000010000258                . = ALIGN (0x4)
                0x0000000010000258                _end_noinit = .
                0x0000000010000258                PROVIDE (_pvHeapStart, DEFINED (__user_heap_base)?__user_heap_base:.)
                0x0000000010008000                PROVIDE (_vStackTop, DEFINED (__user_stack_top)?__user_stack_top:(__top_RamLoc32 - 0x0))
                0xffffffffefff74de                PROVIDE (__valid_user_code_checksum, (0x0 - ((((((_vStackTop + (ResetISR + 0x1)) + (NMI_Handler + 0x1)) + (HardFault_Handler + 0x1)) + (DEFINED (MemManage_Handler)?MemManage_Handler:0x0 + 0x1)) + (DEFINED (BusFault_Handler)?BusFault_Handler:0x0 + 0x1)) + (DEFINED (UsageFault_Handler)?UsageFault_Handler:0x0 + 0x1))))
                0x0000000000000000                _image_start = LOADADDR (.text)
                0x00000000000047e4                _image_end = (LOADADDR (.data) + SIZEOF (.data))
                0x00000000000047e4                _image_size = (_image_end - _image_start)
OUTPUT(3D.axf elf32-littlearm)

.debug_info     0x0000000000000000     0x1dc0
 .debug_info    0x0000000000000000      0xb6f ./src/DrawLine.o
 .debug_info    0x0000000000000b6f      0x255 ./src/cr_startup_lpc175x_6x.o
 .debug_info    0x0000000000000dc4       0x3f ./src/crp.o
 .debug_info    0x0000000000000e03      0xc70 ./src/ssp.o
 .debug_info    0x0000000000001a73      0x34d /home/rutuja/240/CMSIS_CORE_LPC17xx/Debug/libCMSIS_CORE_LPC17xx.a(system_LPC17xx.o)

.debug_abbrev   0x0000000000000000      0x73e
 .debug_abbrev  0x0000000000000000      0x25f ./src/DrawLine.o
 .debug_abbrev  0x000000000000025f      0x114 ./src/cr_startup_lpc175x_6x.o
 .debug_abbrev  0x0000000000000373       0x36 ./src/crp.o
 .debug_abbrev  0x00000000000003a9      0x28d ./src/ssp.o
 .debug_abbrev  0x0000000000000636      0x108 /home/rutuja/240/CMSIS_CORE_LPC17xx/Debug/libCMSIS_CORE_LPC17xx.a(system_LPC17xx.o)

.debug_aranges  0x0000000000000000      0x1b8
 .debug_aranges
                0x0000000000000000       0x98 ./src/DrawLine.o
 .debug_aranges
                0x0000000000000098       0x80 ./src/cr_startup_lpc175x_6x.o
 .debug_aranges
                0x0000000000000118       0x18 ./src/crp.o
 .debug_aranges
                0x0000000000000130       0x60 ./src/ssp.o
 .debug_aranges
                0x0000000000000190       0x28 /home/rutuja/240/CMSIS_CORE_LPC17xx/Debug/libCMSIS_CORE_LPC17xx.a(system_LPC17xx.o)

.debug_ranges   0x0000000000000000      0x160
 .debug_ranges  0x0000000000000000       0x88 ./src/DrawLine.o
 .debug_ranges  0x0000000000000088       0x70 ./src/cr_startup_lpc175x_6x.o
 .debug_ranges  0x00000000000000f8       0x50 ./src/ssp.o
 .debug_ranges  0x0000000000000148       0x18 /home/rutuja/240/CMSIS_CORE_LPC17xx/Debug/libCMSIS_CORE_LPC17xx.a(system_LPC17xx.o)

.debug_macro    0x0000000000000000     0x3137
 .debug_macro   0x0000000000000000      0x13c ./src/DrawLine.o
 .debug_macro   0x000000000000013c      0xa6c ./src/DrawLine.o
 .debug_macro   0x0000000000000ba8       0x82 ./src/DrawLine.o
 .debug_macro   0x0000000000000c2a       0x34 ./src/DrawLine.o
 .debug_macro   0x0000000000000c5e       0x1c ./src/DrawLine.o
 .debug_macro   0x0000000000000c7a       0x3a ./src/DrawLine.o
 .debug_macro   0x0000000000000cb4       0x10 ./src/DrawLine.o
 .debug_macro   0x0000000000000cc4      0x12d ./src/DrawLine.o
 .debug_macro   0x0000000000000df1      0x5b2 ./src/DrawLine.o
 .debug_macro   0x00000000000013a3       0x2d ./src/DrawLine.o
 .debug_macro   0x00000000000013d0      0xbb1 ./src/DrawLine.o
 .debug_macro   0x0000000000001f81      0x2c7 ./src/DrawLine.o
 .debug_macro   0x0000000000002248      0x118 ./src/DrawLine.o
 .debug_macro   0x0000000000002360       0x28 ./src/DrawLine.o
 .debug_macro   0x0000000000002388       0x9a ./src/DrawLine.o
 .debug_macro   0x0000000000002422       0xc4 ./src/DrawLine.o
 .debug_macro   0x00000000000024e6       0x1d ./src/cr_startup_lpc175x_6x.o
 .debug_macro   0x0000000000002503       0x1a ./src/crp.o
 .debug_macro   0x000000000000251d       0x81 ./src/ssp.o
 .debug_macro   0x000000000000259e      0x12d /home/rutuja/240/CMSIS_CORE_LPC17xx/Debug/libCMSIS_CORE_LPC17xx.a(system_LPC17xx.o)
 .debug_macro   0x00000000000026cb      0xa6c /home/rutuja/240/CMSIS_CORE_LPC17xx/Debug/libCMSIS_CORE_LPC17xx.a(system_LPC17xx.o)

.debug_line     0x0000000000000000      0xa9c
 .debug_line    0x0000000000000000      0x455 ./src/DrawLine.o
 .debug_line    0x0000000000000455       0xd3 ./src/cr_startup_lpc175x_6x.o
 .debug_line    0x0000000000000528       0x79 ./src/crp.o
 .debug_line    0x00000000000005a1      0x2ef ./src/ssp.o
 .debug_line    0x0000000000000890      0x20c /home/rutuja/240/CMSIS_CORE_LPC17xx/Debug/libCMSIS_CORE_LPC17xx.a(system_LPC17xx.o)

.debug_str      0x0000000000000000     0xbce9
 .debug_str     0x0000000000000000     0xb148 ./src/DrawLine.o
                                       0xb213 (size before relaxing)
 .debug_str     0x000000000000b148      0x1f6 ./src/cr_startup_lpc175x_6x.o
                                       0x2ebb (size before relaxing)
 .debug_str     0x000000000000b33e       0x16 ./src/crp.o
                                       0x2dc8 (size before relaxing)
 .debug_str     0x000000000000b354      0x5bb ./src/ssp.o
                                       0xa74d (size before relaxing)
 .debug_str     0x000000000000b90f      0x3da /home/rutuja/240/CMSIS_CORE_LPC17xx/Debug/libCMSIS_CORE_LPC17xx.a(system_LPC17xx.o)
                                       0xa140 (size before relaxing)

.comment        0x0000000000000000       0x7e
 .comment       0x0000000000000000       0x7e ./src/DrawLine.o
                                         0x7f (size before relaxing)
 .comment       0x000000000000007e       0x7f ./src/cr_startup_lpc175x_6x.o
 .comment       0x000000000000007e       0x7f ./src/crp.o
 .comment       0x000000000000007e       0x7f ./src/ssp.o
 .comment       0x000000000000007e       0x7f /home/rutuja/240/CMSIS_CORE_LPC17xx/Debug/libCMSIS_CORE_LPC17xx.a(system_LPC17xx.o)
 .comment       0x000000000000007e       0x7f /usr/local/mcuxpressoide-10.2.1_795/ide/tools/bin/../lib/gcc/arm-none-eabi/7.2.1/../../../../arm-none-eabi/lib/thumb/v7-m/libcr_semihost.a(_cr__main.o)
 .comment       0x000000000000007e       0x7f /usr/local/mcuxpressoide-10.2.1_795/ide/tools/bin/../lib/gcc/arm-none-eabi/7.2.1/../../../../arm-none-eabi/lib/thumb/v7-m/libcr_c.a(fpprintf.o)
 .comment       0x000000000000007e       0x7f /usr/local/mcuxpressoide-10.2.1_795/ide/tools/bin/../lib/gcc/arm-none-eabi/7.2.1/../../../../arm-none-eabi/lib/thumb/v7-m/libcr_c.a(initio.o)
 .comment       0x000000000000007e       0x7f /usr/local/mcuxpressoide-10.2.1_795/ide/tools/bin/../lib/gcc/arm-none-eabi/7.2.1/../../../../arm-none-eabi/lib/thumb/v7-m/libcr_c.a(pow.o)
 .comment       0x000000000000007e       0x7f /usr/local/mcuxpressoide-10.2.1_795/ide/tools/bin/../lib/gcc/arm-none-eabi/7.2.1/../../../../arm-none-eabi/lib/thumb/v7-m/libcr_c.a(printf.o)
 .comment       0x000000000000007e       0x7f /usr/local/mcuxpressoide-10.2.1_795/ide/tools/bin/../lib/gcc/arm-none-eabi/7.2.1/../../../../arm-none-eabi/lib/thumb/v7-m/libcr_c.a(puts.o)
 .comment       0x000000000000007e       0x7f /usr/local/mcuxpressoide-10.2.1_795/ide/tools/bin/../lib/gcc/arm-none-eabi/7.2.1/../../../../arm-none-eabi/lib/thumb/v7-m/libcr_c.a(setvbuf.o)
 .comment       0x000000000000007e       0x7f /usr/local/mcuxpressoide-10.2.1_795/ide/tools/bin/../lib/gcc/arm-none-eabi/7.2.1/../../../../arm-none-eabi/lib/thumb/v7-m/libcr_c.a(sqrt.o)
 .comment       0x000000000000007e       0x7f /usr/local/mcuxpressoide-10.2.1_795/ide/tools/bin/../lib/gcc/arm-none-eabi/7.2.1/../../../../arm-none-eabi/lib/thumb/v7-m/libcr_c.a(stdlib.o)
 .comment       0x000000000000007e       0x7f /usr/local/mcuxpressoide-10.2.1_795/ide/tools/bin/../lib/gcc/arm-none-eabi/7.2.1/../../../../arm-none-eabi/lib/thumb/v7-m/libcr_c.a(strlen.o)
 .comment       0x000000000000007e       0x7f /usr/local/mcuxpressoide-10.2.1_795/ide/tools/bin/../lib/gcc/arm-none-eabi/7.2.1/../../../../arm-none-eabi/lib/thumb/v7-m/libcr_c.a(memset.o)
 .comment       0x000000000000007e       0x7f /usr/local/mcuxpressoide-10.2.1_795/ide/tools/bin/../lib/gcc/arm-none-eabi/7.2.1/../../../../arm-none-eabi/lib/thumb/v7-m/libcr_c.a(_deferredlazyseek.o)
 .comment       0x000000000000007e       0x7f /usr/local/mcuxpressoide-10.2.1_795/ide/tools/bin/../lib/gcc/arm-none-eabi/7.2.1/../../../../arm-none-eabi/lib/thumb/v7-m/libcr_c.a(_fdopen.o)
 .comment       0x000000000000007e       0x7f /usr/local/mcuxpressoide-10.2.1_795/ide/tools/bin/../lib/gcc/arm-none-eabi/7.2.1/../../../../arm-none-eabi/lib/thumb/v7-m/libcr_c.a(_fflush.o)
 .comment       0x000000000000007e       0x7f /usr/local/mcuxpressoide-10.2.1_795/ide/tools/bin/../lib/gcc/arm-none-eabi/7.2.1/../../../../arm-none-eabi/lib/thumb/v7-m/libcr_c.a(_frexpl.o)
 .comment       0x000000000000007e       0x7f /usr/local/mcuxpressoide-10.2.1_795/ide/tools/bin/../lib/gcc/arm-none-eabi/7.2.1/../../../../arm-none-eabi/lib/thumb/v7-m/libcr_c.a(_hugeval.o)
 .comment       0x000000000000007e       0x7f /usr/local/mcuxpressoide-10.2.1_795/ide/tools/bin/../lib/gcc/arm-none-eabi/7.2.1/../../../../arm-none-eabi/lib/thumb/v7-m/libcr_c.a(_ldexpl.o)
 .comment       0x000000000000007e       0x7f /usr/local/mcuxpressoide-10.2.1_795/ide/tools/bin/../lib/gcc/arm-none-eabi/7.2.1/../../../../arm-none-eabi/lib/thumb/v7-m/libcr_c.a(_writebuf.o)
 .comment       0x000000000000007e       0x7f /usr/local/mcuxpressoide-10.2.1_795/ide/tools/bin/../lib/gcc/arm-none-eabi/7.2.1/../../../../arm-none-eabi/lib/thumb/v7-m/libcr_c.a(alloc.o)
 .comment       0x000000000000007e       0x7f /usr/local/mcuxpressoide-10.2.1_795/ide/tools/bin/../lib/gcc/arm-none-eabi/7.2.1/../../../../arm-none-eabi/lib/thumb/v7-m/libcr_c.a(errno.o)
 .comment       0x000000000000007e       0x7f /usr/local/mcuxpressoide-10.2.1_795/ide/tools/bin/../lib/gcc/arm-none-eabi/7.2.1/../../../../arm-none-eabi/lib/thumb/v7-m/libcr_c.a(fclose.o)
 .comment       0x000000000000007e       0x7f /usr/local/mcuxpressoide-10.2.1_795/ide/tools/bin/../lib/gcc/arm-none-eabi/7.2.1/../../../../arm-none-eabi/lib/thumb/v7-m/libcr_c.a(fflush.o)
 .comment       0x000000000000007e       0x7f /usr/local/mcuxpressoide-10.2.1_795/ide/tools/bin/../lib/gcc/arm-none-eabi/7.2.1/../../../../arm-none-eabi/lib/thumb/v7-m/libcr_c.a(frexp.o)
 .comment       0x000000000000007e       0x7f /usr/local/mcuxpressoide-10.2.1_795/ide/tools/bin/../lib/gcc/arm-none-eabi/7.2.1/../../../../arm-none-eabi/lib/thumb/v7-m/libcr_c.a(fseek.o)
 .comment       0x000000000000007e       0x7f /usr/local/mcuxpressoide-10.2.1_795/ide/tools/bin/../lib/gcc/arm-none-eabi/7.2.1/../../../../arm-none-eabi/lib/thumb/v7-m/libcr_c.a(ftell.o)
 .comment       0x000000000000007e       0x7f /usr/local/mcuxpressoide-10.2.1_795/ide/tools/bin/../lib/gcc/arm-none-eabi/7.2.1/../../../../arm-none-eabi/lib/thumb/v7-m/libcr_c.a(ldexp.o)
 .comment       0x000000000000007e       0x7f /usr/local/mcuxpressoide-10.2.1_795/ide/tools/bin/../lib/gcc/arm-none-eabi/7.2.1/../../../../arm-none-eabi/lib/thumb/v7-m/libcr_c.a(remove.o)
 .comment       0x000000000000007e       0x7f /usr/local/mcuxpressoide-10.2.1_795/ide/tools/bin/../lib/gcc/arm-none-eabi/7.2.1/../../../../arm-none-eabi/lib/thumb/v7-m/libcr_c.a(__init_alloc.o)
 .comment       0x000000000000007e       0x7f /usr/local/mcuxpressoide-10.2.1_795/ide/tools/bin/../lib/gcc/arm-none-eabi/7.2.1/../../../../arm-none-eabi/lib/thumb/v7-m/libcr_c.a(_cr_sbrk.o)
 .comment       0x000000000000007e       0x7f /usr/local/mcuxpressoide-10.2.1_795/ide/tools/bin/../lib/gcc/arm-none-eabi/7.2.1/../../../../arm-none-eabi/lib/thumb/v7-m/libcr_c.a(_do_fflush.o)
 .comment       0x000000000000007e       0x7f /usr/local/mcuxpressoide-10.2.1_795/ide/tools/bin/../lib/gcc/arm-none-eabi/7.2.1/../../../../arm-none-eabi/lib/thumb/v7-m/libcr_c.a(_cr_check_heap.o)
 .comment       0x000000000000007e       0x7f /usr/local/mcuxpressoide-10.2.1_795/ide/tools/bin/../lib/gcc/arm-none-eabi/7.2.1/thumb/v7-m/libcr_eabihelpers.a(double.o)
 .comment       0x000000000000007e       0x7f /usr/local/mcuxpressoide-10.2.1_795/ide/tools/bin/../lib/gcc/arm-none-eabi/7.2.1/thumb/v7-m/libcr_eabihelpers.a(float.o)
 .comment       0x000000000000007e       0x7f /usr/local/mcuxpressoide-10.2.1_795/ide/tools/bin/../lib/gcc/arm-none-eabi/7.2.1/../../../../arm-none-eabi/lib/thumb/v7-m/libcr_semihost.a(__ciob.o)

.ARM.attributes
                0x0000000000000000       0x31
 .ARM.attributes
                0x0000000000000000       0x33 ./src/DrawLine.o
 .ARM.attributes
                0x0000000000000033       0x33 ./src/cr_startup_lpc175x_6x.o
 .ARM.attributes
                0x0000000000000066       0x33 ./src/crp.o
 .ARM.attributes
                0x0000000000000099       0x33 ./src/ssp.o
 .ARM.attributes
                0x00000000000000cc       0x33 /home/rutuja/240/CMSIS_CORE_LPC17xx/Debug/libCMSIS_CORE_LPC17xx.a(system_LPC17xx.o)
 .ARM.attributes
                0x00000000000000ff       0x33 /usr/local/mcuxpressoide-10.2.1_795/ide/tools/bin/../lib/gcc/arm-none-eabi/7.2.1/../../../../arm-none-eabi/lib/thumb/v7-m/libcr_semihost.a(_cr__main.o)
 .ARM.attributes
                0x0000000000000132       0x33 /usr/local/mcuxpressoide-10.2.1_795/ide/tools/bin/../lib/gcc/arm-none-eabi/7.2.1/../../../../arm-none-eabi/lib/thumb/v7-m/libcr_c.a(fpprintf.o)
 .ARM.attributes
                0x0000000000000165       0x33 /usr/local/mcuxpressoide-10.2.1_795/ide/tools/bin/../lib/gcc/arm-none-eabi/7.2.1/../../../../arm-none-eabi/lib/thumb/v7-m/libcr_c.a(initio.o)
 .ARM.attributes
                0x0000000000000198       0x33 /usr/local/mcuxpressoide-10.2.1_795/ide/tools/bin/../lib/gcc/arm-none-eabi/7.2.1/../../../../arm-none-eabi/lib/thumb/v7-m/libcr_c.a(pow.o)
 .ARM.attributes
                0x00000000000001cb       0x33 /usr/local/mcuxpressoide-10.2.1_795/ide/tools/bin/../lib/gcc/arm-none-eabi/7.2.1/../../../../arm-none-eabi/lib/thumb/v7-m/libcr_c.a(printf.o)
 .ARM.attributes
                0x00000000000001fe       0x33 /usr/local/mcuxpressoide-10.2.1_795/ide/tools/bin/../lib/gcc/arm-none-eabi/7.2.1/../../../../arm-none-eabi/lib/thumb/v7-m/libcr_c.a(puts.o)
 .ARM.attributes
                0x0000000000000231       0x33 /usr/local/mcuxpressoide-10.2.1_795/ide/tools/bin/../lib/gcc/arm-none-eabi/7.2.1/../../../../arm-none-eabi/lib/thumb/v7-m/libcr_c.a(setvbuf.o)
 .ARM.attributes
                0x0000000000000264       0x33 /usr/local/mcuxpressoide-10.2.1_795/ide/tools/bin/../lib/gcc/arm-none-eabi/7.2.1/../../../../arm-none-eabi/lib/thumb/v7-m/libcr_c.a(sqrt.o)
 .ARM.attributes
                0x0000000000000297       0x33 /usr/local/mcuxpressoide-10.2.1_795/ide/tools/bin/../lib/gcc/arm-none-eabi/7.2.1/../../../../arm-none-eabi/lib/thumb/v7-m/libcr_c.a(stdlib.o)
 .ARM.attributes
                0x00000000000002ca       0x33 /usr/local/mcuxpressoide-10.2.1_795/ide/tools/bin/../lib/gcc/arm-none-eabi/7.2.1/../../../../arm-none-eabi/lib/thumb/v7-m/libcr_c.a(strlen.o)
 .ARM.attributes
                0x00000000000002fd       0x33 /usr/local/mcuxpressoide-10.2.1_795/ide/tools/bin/../lib/gcc/arm-none-eabi/7.2.1/../../../../arm-none-eabi/lib/thumb/v7-m/libcr_c.a(memset.o)
 .ARM.attributes
                0x0000000000000330       0x33 /usr/local/mcuxpressoide-10.2.1_795/ide/tools/bin/../lib/gcc/arm-none-eabi/7.2.1/../../../../arm-none-eabi/lib/thumb/v7-m/libcr_c.a(_deferredlazyseek.o)
 .ARM.attributes
                0x0000000000000363       0x33 /usr/local/mcuxpressoide-10.2.1_795/ide/tools/bin/../lib/gcc/arm-none-eabi/7.2.1/../../../../arm-none-eabi/lib/thumb/v7-m/libcr_c.a(_fdopen.o)
 .ARM.attributes
                0x0000000000000396       0x33 /usr/local/mcuxpressoide-10.2.1_795/ide/tools/bin/../lib/gcc/arm-none-eabi/7.2.1/../../../../arm-none-eabi/lib/thumb/v7-m/libcr_c.a(_fflush.o)
 .ARM.attributes
                0x00000000000003c9       0x33 /usr/local/mcuxpressoide-10.2.1_795/ide/tools/bin/../lib/gcc/arm-none-eabi/7.2.1/../../../../arm-none-eabi/lib/thumb/v7-m/libcr_c.a(_frexpl.o)
 .ARM.attributes
                0x00000000000003fc       0x33 /usr/local/mcuxpressoide-10.2.1_795/ide/tools/bin/../lib/gcc/arm-none-eabi/7.2.1/../../../../arm-none-eabi/lib/thumb/v7-m/libcr_c.a(_hugeval.o)
 .ARM.attributes
                0x000000000000042f       0x33 /usr/local/mcuxpressoide-10.2.1_795/ide/tools/bin/../lib/gcc/arm-none-eabi/7.2.1/../../../../arm-none-eabi/lib/thumb/v7-m/libcr_c.a(_ldexpl.o)
 .ARM.attributes
                0x0000000000000462       0x33 /usr/local/mcuxpressoide-10.2.1_795/ide/tools/bin/../lib/gcc/arm-none-eabi/7.2.1/../../../../arm-none-eabi/lib/thumb/v7-m/libcr_c.a(_writebuf.o)
 .ARM.attributes
                0x0000000000000495       0x33 /usr/local/mcuxpressoide-10.2.1_795/ide/tools/bin/../lib/gcc/arm-none-eabi/7.2.1/../../../../arm-none-eabi/lib/thumb/v7-m/libcr_c.a(alloc.o)
 .ARM.attributes
                0x00000000000004c8       0x33 /usr/local/mcuxpressoide-10.2.1_795/ide/tools/bin/../lib/gcc/arm-none-eabi/7.2.1/../../../../arm-none-eabi/lib/thumb/v7-m/libcr_c.a(errno.o)
 .ARM.attributes
                0x00000000000004fb       0x33 /usr/local/mcuxpressoide-10.2.1_795/ide/tools/bin/../lib/gcc/arm-none-eabi/7.2.1/../../../../arm-none-eabi/lib/thumb/v7-m/libcr_c.a(fclose.o)
 .ARM.attributes
                0x000000000000052e       0x33 /usr/local/mcuxpressoide-10.2.1_795/ide/tools/bin/../lib/gcc/arm-none-eabi/7.2.1/../../../../arm-none-eabi/lib/thumb/v7-m/libcr_c.a(fflush.o)
 .ARM.attributes
                0x0000000000000561       0x33 /usr/local/mcuxpressoide-10.2.1_795/ide/tools/bin/../lib/gcc/arm-none-eabi/7.2.1/../../../../arm-none-eabi/lib/thumb/v7-m/libcr_c.a(frexp.o)
 .ARM.attributes
                0x0000000000000594       0x33 /usr/local/mcuxpressoide-10.2.1_795/ide/tools/bin/../lib/gcc/arm-none-eabi/7.2.1/../../../../arm-none-eabi/lib/thumb/v7-m/libcr_c.a(fseek.o)
 .ARM.attributes
                0x00000000000005c7       0x33 /usr/local/mcuxpressoide-10.2.1_795/ide/tools/bin/../lib/gcc/arm-none-eabi/7.2.1/../../../../arm-none-eabi/lib/thumb/v7-m/libcr_c.a(ftell.o)
 .ARM.attributes
                0x00000000000005fa       0x33 /usr/local/mcuxpressoide-10.2.1_795/ide/tools/bin/../lib/gcc/arm-none-eabi/7.2.1/../../../../arm-none-eabi/lib/thumb/v7-m/libcr_c.a(ldexp.o)
 .ARM.attributes
                0x000000000000062d       0x33 /usr/local/mcuxpressoide-10.2.1_795/ide/tools/bin/../lib/gcc/arm-none-eabi/7.2.1/../../../../arm-none-eabi/lib/thumb/v7-m/libcr_c.a(remove.o)
 .ARM.attributes
                0x0000000000000660       0x33 /usr/local/mcuxpressoide-10.2.1_795/ide/tools/bin/../lib/gcc/arm-none-eabi/7.2.1/../../../../arm-none-eabi/lib/thumb/v7-m/libcr_c.a(__init_alloc.o)
 .ARM.attributes
                0x0000000000000693       0x33 /usr/local/mcuxpressoide-10.2.1_795/ide/tools/bin/../lib/gcc/arm-none-eabi/7.2.1/../../../../arm-none-eabi/lib/thumb/v7-m/libcr_c.a(_cr_sbrk.o)
 .ARM.attributes
                0x00000000000006c6       0x33 /usr/local/mcuxpressoide-10.2.1_795/ide/tools/bin/../lib/gcc/arm-none-eabi/7.2.1/../../../../arm-none-eabi/lib/thumb/v7-m/libcr_c.a(_do_fflush.o)
 .ARM.attributes
                0x00000000000006f9       0x33 /usr/local/mcuxpressoide-10.2.1_795/ide/tools/bin/../lib/gcc/arm-none-eabi/7.2.1/../../../../arm-none-eabi/lib/thumb/v7-m/libcr_c.a(_cr_check_heap.o)
 .ARM.attributes
                0x000000000000072c       0x33 /usr/local/mcuxpressoide-10.2.1_795/ide/tools/bin/../lib/gcc/arm-none-eabi/7.2.1/thumb/v7-m/libcr_eabihelpers.a(double.o)
 .ARM.attributes
                0x000000000000075f       0x33 /usr/local/mcuxpressoide-10.2.1_795/ide/tools/bin/../lib/gcc/arm-none-eabi/7.2.1/thumb/v7-m/libcr_eabihelpers.a(float.o)
 .ARM.attributes
                0x0000000000000792       0x21 /usr/local/mcuxpressoide-10.2.1_795/ide/tools/bin/../lib/gcc/arm-none-eabi/7.2.1/thumb/v7-m/libcr_eabihelpers.a(memcpy.o)
 .ARM.attributes
                0x00000000000007b3       0x33 /usr/local/mcuxpressoide-10.2.1_795/ide/tools/bin/../lib/gcc/arm-none-eabi/7.2.1/../../../../arm-none-eabi/lib/thumb/v7-m/libcr_semihost.a(__ciob.o)
 .ARM.attributes
                0x00000000000007e6       0x21 /usr/local/mcuxpressoide-10.2.1_795/ide/tools/bin/../lib/gcc/arm-none-eabi/7.2.1/../../../../arm-none-eabi/lib/thumb/v7-m/libcr_semihost.a(__sys_appexit.o)
 .ARM.attributes
                0x0000000000000807       0x21 /usr/local/mcuxpressoide-10.2.1_795/ide/tools/bin/../lib/gcc/arm-none-eabi/7.2.1/../../../../arm-none-eabi/lib/thumb/v7-m/libcr_semihost.a(__sys_close.o)
 .ARM.attributes
                0x0000000000000828       0x21 /usr/local/mcuxpressoide-10.2.1_795/ide/tools/bin/../lib/gcc/arm-none-eabi/7.2.1/../../../../arm-none-eabi/lib/thumb/v7-m/libcr_semihost.a(__sys_flen.o)
 .ARM.attributes
                0x0000000000000849       0x21 /usr/local/mcuxpressoide-10.2.1_795/ide/tools/bin/../lib/gcc/arm-none-eabi/7.2.1/../../../../arm-none-eabi/lib/thumb/v7-m/libcr_semihost.a(__sys_istty.o)
 .ARM.attributes
                0x000000000000086a       0x21 /usr/local/mcuxpressoide-10.2.1_795/ide/tools/bin/../lib/gcc/arm-none-eabi/7.2.1/../../../../arm-none-eabi/lib/thumb/v7-m/libcr_semihost.a(__sys_remove.o)
 .ARM.attributes
                0x000000000000088b       0x21 /usr/local/mcuxpressoide-10.2.1_795/ide/tools/bin/../lib/gcc/arm-none-eabi/7.2.1/../../../../arm-none-eabi/lib/thumb/v7-m/libcr_semihost.a(__sys_seek.o)
 .ARM.attributes
                0x00000000000008ac       0x21 /usr/local/mcuxpressoide-10.2.1_795/ide/tools/bin/../lib/gcc/arm-none-eabi/7.2.1/../../../../arm-none-eabi/lib/thumb/v7-m/libcr_semihost.a(__sys_tmpnam.o)
 .ARM.attributes
                0x00000000000008cd       0x21 /usr/local/mcuxpressoide-10.2.1_795/ide/tools/bin/../lib/gcc/arm-none-eabi/7.2.1/../../../../arm-none-eabi/lib/thumb/v7-m/libcr_semihost.a(__sys_write.o)

.debug_frame    0x0000000000000000      0x5a0
 .debug_frame   0x0000000000000000      0x284 ./src/DrawLine.o
 .debug_frame   0x0000000000000284      0x170 ./src/cr_startup_lpc175x_6x.o
 .debug_frame   0x00000000000003f4      0x170 ./src/ssp.o
 .debug_frame   0x0000000000000564       0x3c /home/rutuja/240/CMSIS_CORE_LPC17xx/Debug/libCMSIS_CORE_LPC17xx.a(system_LPC17xx.o)
